net\dungeonrealms\game\mechanic\ParticleAPI$1.class
net\dungeonrealms\game\player\combat\CombatLog$1.class
net\dungeonrealms\game\quests\QuestItem$1.class
net\dungeonrealms\game\world\loot\types\LootType$1.class
net\dungeonrealms\game\handler\KarmaHandler$1.class
net\dungeonrealms\game\world\spawning\SpawningMechanics$1.class
net\dungeonrealms\game\guild\database\GuildDatabase$1.class
net\dungeonrealms\game\listener\combat\DamageListener$1.class
net\dungeonrealms\game\world\entity\util\PetUtils$1.class
net\dungeonrealms\game\world\entity\util\EntityStats$1.class
net\dungeonrealms\game\world\entity\util\MountUtils$1.class
net\dungeonrealms\GameAPI$4.class
net\dungeonrealms\game\handler\EnergyHandler$1.class
net\dungeonrealms\game\world\teleportation\Teleportation$1.class
net\dungeonrealms\game\handler\FriendHandler$1.class
net\dungeonrealms\game\world\entity\type\monster\type\EnumMonster$1.class
net\dungeonrealms\game\command\CommandLag$1.class
net\dungeonrealms\game\quests\QuestNPC$1.class
net\dungeonrealms\game\world\item\DamageAPI$1.class
net\dungeonrealms\game\affair\Affair$1.class
net\dungeonrealms\game\listener\world\BlockListener$1.class
