C:\Users\Drew\Desktop\DungeonRealms\DR 2016 December Release\game\src\main\java\net\dungeonrealms\game\tab\column\FriendTabColumn.java
C:\Users\Drew\Desktop\DungeonRealms\DR 2016 December Release\game\src\main\java\net\dungeonrealms\game\world\entity\type\monster\type\ranged\RangedSkeleton.java
C:\Users\Drew\Desktop\DungeonRealms\DR 2016 December Release\game\src\main\java\net\dungeonrealms\game\item\items\functional\FunctionalItem.java
C:\Users\Drew\Desktop\DungeonRealms\DR 2016 December Release\game\src\main\java\net\dungeonrealms\game\world\item\ItemRegistry.java
C:\Users\Drew\Desktop\DungeonRealms\DR 2016 December Release\game\src\main\java\net\dungeonrealms\game\item\items\functional\ItemProtectionScroll.java
C:\Users\Drew\Desktop\DungeonRealms\DR 2016 December Release\game\src\main\java\net\dungeonrealms\game\miscellaneous\RandomHelper.java
C:\Users\Drew\Desktop\DungeonRealms\DR 2016 December Release\game\src\main\java\net\dungeonrealms\game\mastery\NBTItem.java
C:\Users\Drew\Desktop\DungeonRealms\DR 2016 December Release\game\src\main\java\net\dungeonrealms\game\command\guild\CommandGKick.java
C:\Users\Drew\Desktop\DungeonRealms\DR 2016 December Release\game\src\main\java\net\dungeonrealms\game\world\item\itemgenerator\engine\ItemModifier.java
C:\Users\Drew\Desktop\DungeonRealms\DR 2016 December Release\game\src\main\java\net\dungeonrealms\game\commands\quests\CommandQuestEditor.java
C:\Users\Drew\Desktop\DungeonRealms\DR 2016 December Release\game\src\main\java\net\dungeonrealms\game\listener\inventory\InventoryListener.java
C:\Users\Drew\Desktop\DungeonRealms\DR 2016 December Release\game\src\main\java\net\dungeonrealms\game\quests\Quests.java
C:\Users\Drew\Desktop\DungeonRealms\DR 2016 December Release\game\src\main\java\net\dungeonrealms\game\world\loot\LootSpawner.java
C:\Users\Drew\Desktop\DungeonRealms\DR 2016 December Release\game\src\main\java\net\dungeonrealms\game\command\CommandStats.java
C:\Users\Drew\Desktop\DungeonRealms\DR 2016 December Release\game\src\main\java\net\dungeonrealms\game\world\entity\type\monster\base\DRBlaze.java
C:\Users\Drew\Desktop\DungeonRealms\DR 2016 December Release\game\src\main\java\net\dungeonrealms\game\world\entity\type\pet\Rabbit.java
C:\Users\Drew\Desktop\DungeonRealms\DR 2016 December Release\game\src\main\java\net\dungeonrealms\game\world\entity\type\monster\boss\DungeonBoss.java
C:\Users\Drew\Desktop\DungeonRealms\DR 2016 December Release\game\src\main\java\net\dungeonrealms\game\command\party\CommandPDecline.java
C:\Users\Drew\Desktop\DungeonRealms\DR 2016 December Release\game\src\main\java\net\dungeonrealms\game\mechanic\generic\MechanicManager.java
C:\Users\Drew\Desktop\DungeonRealms\DR 2016 December Release\game\src\main\java\net\dungeonrealms\game\world\entity\type\monster\type\melee\MeleeSkeleton.java
C:\Users\Drew\Desktop\DungeonRealms\DR 2016 December Release\game\src\main\java\net\dungeonrealms\game\quests\gui\GuiPotionPicker.java
C:\Users\Drew\Desktop\DungeonRealms\DR 2016 December Release\game\src\main\java\net\dungeonrealms\game\profession\fishing\FishBuff.java
C:\Users\Drew\Desktop\DungeonRealms\DR 2016 December Release\game\src\main\java\net\dungeonrealms\game\command\CommandSudo.java
C:\Users\Drew\Desktop\DungeonRealms\DR 2016 December Release\game\src\main\java\net\dungeonrealms\game\profession\fishing\FishVisionBuff.java
C:\Users\Drew\Desktop\DungeonRealms\DR 2016 December Release\game\src\main\java\net\dungeonrealms\game\handler\HealthHandler.java
C:\Users\Drew\Desktop\DungeonRealms\DR 2016 December Release\game\src\main\java\net\dungeonrealms\game\item\ItemType.java
C:\Users\Drew\Desktop\DungeonRealms\DR 2016 December Release\game\src\main\java\net\dungeonrealms\game\quests\objectives\ObjectiveKill.java
C:\Users\Drew\Desktop\DungeonRealms\DR 2016 December Release\game\src\main\java\net\dungeonrealms\game\world\shops\Shop.java
C:\Users\Drew\Desktop\DungeonRealms\DR 2016 December Release\game\src\main\java\net\dungeonrealms\game\command\dungeon\BossSpawn.java
C:\Users\Drew\Desktop\DungeonRealms\DR 2016 December Release\game\src\main\java\net\dungeonrealms\game\command\guild\CommandG.java
C:\Users\Drew\Desktop\DungeonRealms\DR 2016 December Release\game\src\main\java\net\dungeonrealms\game\command\party\CommandPRemove.java
C:\Users\Drew\Desktop\DungeonRealms\DR 2016 December Release\game\src\main\java\net\dungeonrealms\game\quests\gui\GuiDialogueSelector.java
C:\Users\Drew\Desktop\DungeonRealms\DR 2016 December Release\game\src\main\java\net\dungeonrealms\game\command\CommandPlayerRetention.java
C:\Users\Drew\Desktop\DungeonRealms\DR 2016 December Release\game\src\main\java\net\dungeonrealms\game\command\CommandToggle.java
C:\Users\Drew\Desktop\DungeonRealms\DR 2016 December Release\game\src\main\java\net\dungeonrealms\game\world\entity\type\monster\boss\type\Burick.java
C:\Users\Drew\Desktop\DungeonRealms\DR 2016 December Release\game\src\main\java\net\dungeonrealms\game\bounty\Bounty.java
C:\Users\Drew\Desktop\DungeonRealms\DR 2016 December Release\game\src\main\java\net\dungeonrealms\game\command\punish\CommandJail.java
C:\Users\Drew\Desktop\DungeonRealms\DR 2016 December Release\game\src\main\java\net\dungeonrealms\game\mechanic\CrashDetector.java
C:\Users\Drew\Desktop\DungeonRealms\DR 2016 December Release\game\src\main\java\net\dungeonrealms\game\world\entity\util\pathfinders\PathFinderShootBow.java
C:\Users\Drew\Desktop\DungeonRealms\DR 2016 December Release\game\src\main\java\net\dungeonrealms\game\quests\gui\GuiQuestSetInterval.java
C:\Users\Drew\Desktop\DungeonRealms\DR 2016 December Release\game\src\main\java\net\dungeonrealms\game\handler\KarmaHandler.java
C:\Users\Drew\Desktop\DungeonRealms\DR 2016 December Release\game\src\main\java\net\dungeonrealms\game\mastery\UUIDFetcher.java
C:\Users\Drew\Desktop\DungeonRealms\DR 2016 December Release\game\src\main\java\net\dungeonrealms\game\item\items\functional\ItemGem.java
C:\Users\Drew\Desktop\DungeonRealms\DR 2016 December Release\game\src\main\java\net\dungeonrealms\game\world\entity\type\monster\type\EnumNamedElite.java
C:\Users\Drew\Desktop\DungeonRealms\DR 2016 December Release\game\src\main\java\net\dungeonrealms\game\item\items\functional\ItemScrap.java
C:\Users\Drew\Desktop\DungeonRealms\DR 2016 December Release\game\src\main\java\net\dungeonrealms\game\command\CommandPatchNotes.java
C:\Users\Drew\Desktop\DungeonRealms\DR 2016 December Release\game\src\main\java\net\dungeonrealms\game\world\entity\type\monster\type\melee\LargeSpider.java
C:\Users\Drew\Desktop\DungeonRealms\DR 2016 December Release\game\src\main\java\net\dungeonrealms\game\item\event\FunctionalItemEvent.java
C:\Users\Drew\Desktop\DungeonRealms\DR 2016 December Release\game\src\main\java\net\dungeonrealms\game\world\entity\type\monster\boss\type\Aceron.java
C:\Users\Drew\Desktop\DungeonRealms\DR 2016 December Release\game\src\main\java\net\dungeonrealms\game\command\CommandCountdown.java
C:\Users\Drew\Desktop\DungeonRealms\DR 2016 December Release\game\src\main\java\net\dungeonrealms\game\mastery\UUIDHelper.java
C:\Users\Drew\Desktop\DungeonRealms\DR 2016 December Release\game\src\main\java\net\dungeonrealms\game\world\entity\type\EnderCrystal.java
C:\Users\Drew\Desktop\DungeonRealms\DR 2016 December Release\game\src\main\java\net\dungeonrealms\game\quests\QuestItem.java
C:\Users\Drew\Desktop\DungeonRealms\DR 2016 December Release\game\src\main\java\net\dungeonrealms\game\mastery\DefaultFontInfo.java
C:\Users\Drew\Desktop\DungeonRealms\DR 2016 December Release\game\src\main\java\net\dungeonrealms\game\command\dungeon\DebuffCrystal.java
C:\Users\Drew\Desktop\DungeonRealms\DR 2016 December Release\game\src\main\java\net\dungeonrealms\game\command\moderation\CommandBanksee.java
C:\Users\Drew\Desktop\DungeonRealms\DR 2016 December Release\game\src\main\java\net\dungeonrealms\game\world\spawning\dungeons\DungeonMobCreator.java
C:\Users\Drew\Desktop\DungeonRealms\DR 2016 December Release\game\src\main\java\net\dungeonrealms\game\quests\objectives\ObjectiveGoTo.java
C:\Users\Drew\Desktop\DungeonRealms\DR 2016 December Release\game\src\main\java\net\dungeonrealms\game\item\items\functional\ItemPeaceOrb.java
C:\Users\Drew\Desktop\DungeonRealms\DR 2016 December Release\game\src\main\java\net\dungeonrealms\game\world\loot\LootManager.java
C:\Users\Drew\Desktop\DungeonRealms\DR 2016 December Release\game\src\main\java\net\dungeonrealms\game\listener\combat\AttackResult.java
C:\Users\Drew\Desktop\DungeonRealms\DR 2016 December Release\game\src\main\java\net\dungeonrealms\game\world\entity\type\pet\Chicken.java
C:\Users\Drew\Desktop\DungeonRealms\DR 2016 December Release\game\src\main\java\net\dungeonrealms\game\item\items\functional\ecash\ItemMount.java
C:\Users\Drew\Desktop\DungeonRealms\DR 2016 December Release\game\src\main\java\net\dungeonrealms\game\item\items\functional\ItemEnchantProfession.java
C:\Users\Drew\Desktop\DungeonRealms\DR 2016 December Release\game\src\main\java\net\dungeonrealms\game\player\inventory\menus\ShopMenuParticleEffect.java
C:\Users\Drew\Desktop\DungeonRealms\DR 2016 December Release\game\src\main\java\net\dungeonrealms\game\command\CommandGm.java
C:\Users\Drew\Desktop\DungeonRealms\DR 2016 December Release\game\src\main\java\net\dungeonrealms\game\listener\network\BungeeChannelListener.java
C:\Users\Drew\Desktop\DungeonRealms\DR 2016 December Release\game\src\main\java\net\dungeonrealms\game\player\inventory\menus\ShopMenuPet.java
C:\Users\Drew\Desktop\DungeonRealms\DR 2016 December Release\game\src\main\java\net\dungeonrealms\game\command\CommandSpawner.java
C:\Users\Drew\Desktop\DungeonRealms\DR 2016 December Release\game\src\main\java\net\dungeonrealms\game\tab\column\StatisticsTabColumn.java
C:\Users\Drew\Desktop\DungeonRealms\DR 2016 December Release\game\src\main\java\net\dungeonrealms\game\mechanic\data\PotionTier.java
C:\Users\Drew\Desktop\DungeonRealms\DR 2016 December Release\game\src\main\java\net\dungeonrealms\game\arenas\instance\ArenaInstance.java
C:\Users\Drew\Desktop\DungeonRealms\DR 2016 December Release\game\src\main\java\net\dungeonrealms\game\command\moderation\CommandGemsee.java
C:\Users\Drew\Desktop\DungeonRealms\DR 2016 December Release\game\src\main\java\net\dungeonrealms\game\command\CommandPlayerFix.java
C:\Users\Drew\Desktop\DungeonRealms\DR 2016 December Release\game\src\main\java\net\dungeonrealms\game\command\CommandClearChat.java
C:\Users\Drew\Desktop\DungeonRealms\DR 2016 December Release\game\src\main\java\net\dungeonrealms\game\quests\DialogueLine.java
C:\Users\Drew\Desktop\DungeonRealms\DR 2016 December Release\game\src\main\java\net\dungeonrealms\game\world\entity\type\monster\boss\WorldBoss.java
C:\Users\Drew\Desktop\DungeonRealms\DR 2016 December Release\game\src\main\java\net\dungeonrealms\game\mechanic\data\ScrapTier.java
C:\Users\Drew\Desktop\DungeonRealms\DR 2016 December Release\game\src\main\java\net\dungeonrealms\game\player\chat\GameChat.java
C:\Users\Drew\Desktop\DungeonRealms\DR 2016 December Release\game\src\main\java\net\dungeonrealms\game\world\item\Item.java
C:\Users\Drew\Desktop\DungeonRealms\DR 2016 December Release\game\src\main\java\net\dungeonrealms\game\world\entity\util\PetUtils.java
C:\Users\Drew\Desktop\DungeonRealms\DR 2016 December Release\game\src\main\java\net\dungeonrealms\game\mastery\ItemSerialization.java
C:\Users\Drew\Desktop\DungeonRealms\DR 2016 December Release\game\src\main\java\net\dungeonrealms\game\command\CommandSend.java
C:\Users\Drew\Desktop\DungeonRealms\DR 2016 December Release\game\src\main\java\net\dungeonrealms\game\command\CommandRefferer.java
C:\Users\Drew\Desktop\DungeonRealms\DR 2016 December Release\game\src\main\java\net\dungeonrealms\game\achievements\Achievements.java
C:\Users\Drew\Desktop\DungeonRealms\DR 2016 December Release\game\src\main\java\net\dungeonrealms\game\mastery\AttributeList.java
C:\Users\Drew\Desktop\DungeonRealms\DR 2016 December Release\game\src\main\java\net\dungeonrealms\game\quests\objectives\QuestObjectiveList.java
C:\Users\Drew\Desktop\DungeonRealms\DR 2016 December Release\game\src\main\java\net\dungeonrealms\game\world\entity\type\monster\base\DRGhast.java
C:\Users\Drew\Desktop\DungeonRealms\DR 2016 December Release\game\src\main\java\net\dungeonrealms\game\command\CommandCheck.java
C:\Users\Drew\Desktop\DungeonRealms\DR 2016 December Release\game\src\main\java\net\dungeonrealms\game\world\item\itemgenerator\modifiers\WeaponModifiers.java
C:\Users\Drew\Desktop\DungeonRealms\DR 2016 December Release\game\src\main\java\net\dungeonrealms\game\world\entity\util\BuffUtils.java
C:\Users\Drew\Desktop\DungeonRealms\DR 2016 December Release\game\src\main\java\net\dungeonrealms\game\world\entity\type\monster\type\ranged\RangedZombie.java
C:\Users\Drew\Desktop\DungeonRealms\DR 2016 December Release\game\src\main\java\net\dungeonrealms\game\world\entity\type\monster\boss\type\subboss\InfernalLordsGuard.java
C:\Users\Drew\Desktop\DungeonRealms\DR 2016 December Release\game\src\main\java\net\dungeonrealms\game\player\banks\Storage.java
C:\Users\Drew\Desktop\DungeonRealms\DR 2016 December Release\game\src\main\java\net\dungeonrealms\game\command\friend\DenyCommand.java
C:\Users\Drew\Desktop\DungeonRealms\DR 2016 December Release\game\src\main\java\net\dungeonrealms\game\player\inventory\menus\ShopECashVendor.java
C:\Users\Drew\Desktop\DungeonRealms\DR 2016 December Release\game\src\main\java\net\dungeonrealms\game\quests\Quest.java
C:\Users\Drew\Desktop\DungeonRealms\DR 2016 December Release\game\src\main\java\net\dungeonrealms\game\quests\gui\GuiNPCSetAnimation.java
C:\Users\Drew\Desktop\DungeonRealms\DR 2016 December Release\game\src\main\java\net\dungeonrealms\game\mechanic\data\EnumUpgrade.java
C:\Users\Drew\Desktop\DungeonRealms\DR 2016 December Release\game\src\main\java\net\dungeonrealms\game\world\item\itemgenerator\engine\ModifierCondition.java
C:\Users\Drew\Desktop\DungeonRealms\DR 2016 December Release\game\src\main\java\net\dungeonrealms\game\item\items\core\ItemFishingPole.java
C:\Users\Drew\Desktop\DungeonRealms\DR 2016 December Release\game\src\main\java\net\dungeonrealms\game\item\items\functional\ItemFish.java
C:\Users\Drew\Desktop\DungeonRealms\DR 2016 December Release\game\src\main\java\net\dungeonrealms\game\player\inventory\ShopMenu.java
C:\Users\Drew\Desktop\DungeonRealms\DR 2016 December Release\game\src\main\java\net\dungeonrealms\game\event\PlayerEnterRegionEvent.java
C:\Users\Drew\Desktop\DungeonRealms\DR 2016 December Release\game\src\main\java\net\dungeonrealms\game\world\realms\RealmTier.java
C:\Users\Drew\Desktop\DungeonRealms\DR 2016 December Release\game\src\main\java\net\dungeonrealms\game\anticheat\Crake.java
C:\Users\Drew\Desktop\DungeonRealms\DR 2016 December Release\game\src\main\java\net\dungeonrealms\game\miscellaneous\NBTWrapper.java
C:\Users\Drew\Desktop\DungeonRealms\DR 2016 December Release\game\src\main\java\net\dungeonrealms\game\listener\combat\DamageResultType.java
C:\Users\Drew\Desktop\DungeonRealms\DR 2016 December Release\game\src\main\java\net\dungeonrealms\game\mastery\GamePlayer.java
C:\Users\Drew\Desktop\DungeonRealms\DR 2016 December Release\game\src\main\java\net\dungeonrealms\game\command\CommandWatchList.java
C:\Users\Drew\Desktop\DungeonRealms\DR 2016 December Release\game\src\main\java\net\dungeonrealms\game\command\toggle\CommandToggleDebug.java
C:\Users\Drew\Desktop\DungeonRealms\DR 2016 December Release\game\src\main\java\net\dungeonrealms\game\item\items\functional\ecash\ItemHearthStoneRelocator.java
C:\Users\Drew\Desktop\DungeonRealms\DR 2016 December Release\game\src\main\java\net\dungeonrealms\game\world\entity\type\pet\BabyZombie.java
C:\Users\Drew\Desktop\DungeonRealms\DR 2016 December Release\game\src\main\java\net\dungeonrealms\game\command\dungeon\DRLightning.java
C:\Users\Drew\Desktop\DungeonRealms\DR 2016 December Release\game\src\main\java\net\dungeonrealms\game\miscellaneous\ColorConverter.java
C:\Users\Drew\Desktop\DungeonRealms\DR 2016 December Release\game\src\main\java\net\dungeonrealms\game\command\CommandAsk.java
C:\Users\Drew\Desktop\DungeonRealms\DR 2016 December Release\game\src\main\java\net\dungeonrealms\game\command\CommandReboot.java
C:\Users\Drew\Desktop\DungeonRealms\DR 2016 December Release\game\src\main\java\net\dungeonrealms\game\command\moderation\CommandArmorsee.java
C:\Users\Drew\Desktop\DungeonRealms\DR 2016 December Release\game\src\main\java\net\dungeonrealms\game\item\items\core\ItemWeaponStaff.java
C:\Users\Drew\Desktop\DungeonRealms\DR 2016 December Release\game\src\main\java\net\dungeonrealms\game\player\json\JsonBuilder.java
C:\Users\Drew\Desktop\DungeonRealms\DR 2016 December Release\game\src\main\java\net\dungeonrealms\game\item\items\functional\ItemTeleportBook.java
C:\Users\Drew\Desktop\DungeonRealms\DR 2016 December Release\game\src\main\java\net\dungeonrealms\game\miscellaneous\JsonBuilder.java
C:\Users\Drew\Desktop\DungeonRealms\DR 2016 December Release\game\src\main\java\net\dungeonrealms\game\player\inventory\PlayerMenus.java
C:\Users\Drew\Desktop\DungeonRealms\DR 2016 December Release\game\src\main\java\net\dungeonrealms\game\world\item\itemgenerator\ItemGenerator.java
C:\Users\Drew\Desktop\DungeonRealms\DR 2016 December Release\game\src\main\java\net\dungeonrealms\game\item\items\functional\ItemGuildBanner.java
C:\Users\Drew\Desktop\DungeonRealms\DR 2016 December Release\game\src\main\java\net\dungeonrealms\game\item\items\functional\ecash\ItemMountSkin.java
C:\Users\Drew\Desktop\DungeonRealms\DR 2016 December Release\game\src\main\java\net\dungeonrealms\game\tab\TabMechanics.java
C:\Users\Drew\Desktop\DungeonRealms\DR 2016 December Release\game\src\main\java\net\dungeonrealms\game\listener\combat\PvEListener.java
C:\Users\Drew\Desktop\DungeonRealms\DR 2016 December Release\game\src\main\java\net\dungeonrealms\game\command\CommandStop.java
C:\Users\Drew\Desktop\DungeonRealms\DR 2016 December Release\game\src\main\java\net\dungeonrealms\game\command\gameplay\CommandGraveyard.java
C:\Users\Drew\Desktop\DungeonRealms\DR 2016 December Release\game\src\main\java\net\dungeonrealms\game\item\items\core\ItemWeaponBow.java
C:\Users\Drew\Desktop\DungeonRealms\DR 2016 December Release\game\src\main\java\net\dungeonrealms\game\quests\NPCTaskFaceNearestPlayer.java
C:\Users\Drew\Desktop\DungeonRealms\DR 2016 December Release\game\src\main\java\net\dungeonrealms\game\command\moderation\CommandScrapTabSee.java
C:\Users\Drew\Desktop\DungeonRealms\DR 2016 December Release\game\src\main\java\net\dungeonrealms\game\world\entity\type\monster\base\DRSpider.java
C:\Users\Drew\Desktop\DungeonRealms\DR 2016 December Release\game\src\main\java\net\dungeonrealms\game\guild\banner\selectors\ColorSelectorMenu.java
C:\Users\Drew\Desktop\DungeonRealms\DR 2016 December Release\game\src\main\java\net\dungeonrealms\game\player\inventory\SupportMenus.java
C:\Users\Drew\Desktop\DungeonRealms\DR 2016 December Release\game\src\main\java\net\dungeonrealms\game\world\entity\type\pet\CaveSpider.java
C:\Users\Drew\Desktop\DungeonRealms\DR 2016 December Release\game\src\main\java\net\dungeonrealms\game\player\combat\CombatLogger.java
C:\Users\Drew\Desktop\DungeonRealms\DR 2016 December Release\game\src\main\java\net\dungeonrealms\game\command\punish\CommandBan.java
C:\Users\Drew\Desktop\DungeonRealms\DR 2016 December Release\game\src\main\java\net\dungeonrealms\game\listener\mechanic\BankListener.java
C:\Users\Drew\Desktop\DungeonRealms\DR 2016 December Release\game\src\main\java\net\dungeonrealms\game\command\moderation\CommandRealmsee.java
C:\Users\Drew\Desktop\DungeonRealms\DR 2016 December Release\game\src\main\java\net\dungeonrealms\game\world\entity\type\pet\Wolf.java
C:\Users\Drew\Desktop\DungeonRealms\DR 2016 December Release\game\src\main\java\net\dungeonrealms\game\command\CommandGlobalChat.java
C:\Users\Drew\Desktop\DungeonRealms\DR 2016 December Release\game\src\main\java\net\dungeonrealms\tool\PatchTools.java
C:\Users\Drew\Desktop\DungeonRealms\DR 2016 December Release\game\src\main\java\net\dungeonrealms\game\quests\listeners\NPCListener.java
C:\Users\Drew\Desktop\DungeonRealms\DR 2016 December Release\game\src\main\java\net\dungeonrealms\game\miscellaneous\Graveyard.java
C:\Users\Drew\Desktop\DungeonRealms\DR 2016 December Release\game\src\main\java\net\dungeonrealms\game\command\punish\CommandUnmute.java
C:\Users\Drew\Desktop\DungeonRealms\DR 2016 December Release\game\src\main\java\net\dungeonrealms\game\item\items\functional\ItemFlightOrb.java
C:\Users\Drew\Desktop\DungeonRealms\DR 2016 December Release\game\src\main\java\net\dungeonrealms\game\item\items\core\ItemGear.java
C:\Users\Drew\Desktop\DungeonRealms\DR 2016 December Release\game\src\main\java\net\dungeonrealms\game\item\FunctionalItemListener.java
C:\Users\Drew\Desktop\DungeonRealms\DR 2016 December Release\game\src\main\java\net\dungeonrealms\game\item\items\functional\ItemHearthstone.java
C:\Users\Drew\Desktop\DungeonRealms\DR 2016 December Release\game\src\main\java\net\dungeonrealms\game\command\toggle\CommandToggleChaos.java
C:\Users\Drew\Desktop\DungeonRealms\DR 2016 December Release\game\src\main\java\net\dungeonrealms\game\world\item\itemgenerator\engine\ModifierType.java
C:\Users\Drew\Desktop\DungeonRealms\DR 2016 December Release\game\src\main\java\net\dungeonrealms\game\command\CommandFix.java
C:\Users\Drew\Desktop\DungeonRealms\DR 2016 December Release\game\src\main\java\net\dungeonrealms\game\quests\gui\GuiItemEditor.java
C:\Users\Drew\Desktop\DungeonRealms\DR 2016 December Release\game\src\main\java\net\dungeonrealms\game\command\moderation\CommandBinsee.java
C:\Users\Drew\Desktop\DungeonRealms\DR 2016 December Release\game\src\main\java\net\dungeonrealms\game\miscellaneous\SkullTextures.java
C:\Users\Drew\Desktop\DungeonRealms\DR 2016 December Release\game\src\main\java\net\dungeonrealms\game\command\CommandModeration.java
C:\Users\Drew\Desktop\DungeonRealms\DR 2016 December Release\game\src\main\java\net\dungeonrealms\game\command\moderation\CommandSessionID.java
C:\Users\Drew\Desktop\DungeonRealms\DR 2016 December Release\game\src\main\java\net\dungeonrealms\game\player\notice\Notice.java
C:\Users\Drew\Desktop\DungeonRealms\DR 2016 December Release\game\src\main\java\net\dungeonrealms\game\world\entity\type\pet\Silverfish.java
C:\Users\Drew\Desktop\DungeonRealms\DR 2016 December Release\game\src\main\java\net\dungeonrealms\game\guild\token\GuildInfoToken.java
C:\Users\Drew\Desktop\DungeonRealms\DR 2016 December Release\game\src\main\java\net\dungeonrealms\game\item\items\functional\ItemPortalRune.java
C:\Users\Drew\Desktop\DungeonRealms\DR 2016 December Release\game\src\main\java\net\dungeonrealms\game\miscellaneous\ChestGUI.java
C:\Users\Drew\Desktop\DungeonRealms\DR 2016 December Release\game\src\main\java\net\dungeonrealms\game\title\TitleAPI.java
C:\Users\Drew\Desktop\DungeonRealms\DR 2016 December Release\game\src\main\java\net\dungeonrealms\game\command\toggle\CommandToggleGlow.java
C:\Users\Drew\Desktop\DungeonRealms\DR 2016 December Release\game\src\main\java\net\dungeonrealms\GameAPI.java
C:\Users\Drew\Desktop\DungeonRealms\DR 2016 December Release\game\src\main\java\net\dungeonrealms\game\command\CommandWarp.java
C:\Users\Drew\Desktop\DungeonRealms\DR 2016 December Release\game\src\main\java\net\dungeonrealms\game\player\stats\PlayerStats.java
C:\Users\Drew\Desktop\DungeonRealms\DR 2016 December Release\game\src\main\java\net\dungeonrealms\game\donation\DonationEffects.java
C:\Users\Drew\Desktop\DungeonRealms\DR 2016 December Release\game\src\main\java\net\dungeonrealms\game\command\dungeon\CommandListInstance.java
C:\Users\Drew\Desktop\DungeonRealms\DR 2016 December Release\game\src\main\java\net\dungeonrealms\game\quests\gui\GuiBase.java
C:\Users\Drew\Desktop\DungeonRealms\DR 2016 December Release\game\src\main\java\net\dungeonrealms\game\quests\QuestNPC.java
C:\Users\Drew\Desktop\DungeonRealms\DR 2016 December Release\game\src\main\java\net\dungeonrealms\game\handler\MailHandler.java
C:\Users\Drew\Desktop\DungeonRealms\DR 2016 December Release\game\src\main\java\net\dungeonrealms\game\command\CommandShard.java
C:\Users\Drew\Desktop\DungeonRealms\DR 2016 December Release\game\src\main\java\net\dungeonrealms\game\anticheat\PacketLogger.java
C:\Users\Drew\Desktop\DungeonRealms\DR 2016 December Release\game\src\main\java\net\dungeonrealms\game\player\inventory\NPCMenus.java
C:\Users\Drew\Desktop\DungeonRealms\DR 2016 December Release\game\src\main\java\net\dungeonrealms\game\world\item\DamageAPI.java
C:\Users\Drew\Desktop\DungeonRealms\DR 2016 December Release\game\src\main\java\net\dungeonrealms\game\listener\inventory\CurrencyTabListener.java
C:\Users\Drew\Desktop\DungeonRealms\DR 2016 December Release\game\src\main\java\net\dungeonrealms\game\world\entity\type\monster\type\melee\MeleeWitherSkeleton.java
C:\Users\Drew\Desktop\DungeonRealms\DR 2016 December Release\game\src\main\java\net\dungeonrealms\game\event\PlayerMessagePlayerEvent.java
C:\Users\Drew\Desktop\DungeonRealms\DR 2016 December Release\game\src\main\java\net\dungeonrealms\game\world\entity\type\monster\type\ranged\staff\StaffSkeleton.java
C:\Users\Drew\Desktop\DungeonRealms\DR 2016 December Release\game\src\main\java\net\dungeonrealms\game\command\CommandReply.java
C:\Users\Drew\Desktop\DungeonRealms\DR 2016 December Release\game\src\main\java\net\dungeonrealms\game\world\entity\type\monster\base\DRGolem.java
C:\Users\Drew\Desktop\DungeonRealms\DR 2016 December Release\game\src\main\java\net\dungeonrealms\game\command\guild\CommandGInfo.java
C:\Users\Drew\Desktop\DungeonRealms\DR 2016 December Release\game\src\main\java\net\dungeonrealms\game\item\items\functional\PotionItem.java
C:\Users\Drew\Desktop\DungeonRealms\DR 2016 December Release\game\src\main\java\net\dungeonrealms\game\command\toggle\CommandTogglePvp.java
C:\Users\Drew\Desktop\DungeonRealms\DR 2016 December Release\game\src\main\java\net\dungeonrealms\game\player\duel\DuelOffer.java
C:\Users\Drew\Desktop\DungeonRealms\DR 2016 December Release\game\src\main\java\net\dungeonrealms\game\command\friend\AcceptCommand.java
C:\Users\Drew\Desktop\DungeonRealms\DR 2016 December Release\game\src\main\java\net\dungeonrealms\game\command\dungeon\DungeonSpawn.java
C:\Users\Drew\Desktop\DungeonRealms\DR 2016 December Release\game\src\main\java\net\dungeonrealms\game\quests\Trigger.java
C:\Users\Drew\Desktop\DungeonRealms\DR 2016 December Release\game\src\main\java\net\dungeonrealms\game\anticheat\WatchList.java
C:\Users\Drew\Desktop\DungeonRealms\DR 2016 December Release\game\src\main\java\net\dungeonrealms\game\mastery\NBTReflection.java
C:\Users\Drew\Desktop\DungeonRealms\DR 2016 December Release\game\src\main\java\net\dungeonrealms\game\world\entity\type\monster\base\DRSilverfish.java
C:\Users\Drew\Desktop\DungeonRealms\DR 2016 December Release\game\src\main\java\net\dungeonrealms\game\arenas\ArenaMechanics.java
C:\Users\Drew\Desktop\DungeonRealms\DR 2016 December Release\game\src\main\java\net\dungeonrealms\game\command\CommandSet.java
C:\Users\Drew\Desktop\DungeonRealms\DR 2016 December Release\game\src\main\java\net\dungeonrealms\game\item\PersistentItem.java
C:\Users\Drew\Desktop\DungeonRealms\DR 2016 December Release\game\src\main\java\net\dungeonrealms\game\item\items\core\VanillaItem.java
C:\Users\Drew\Desktop\DungeonRealms\DR 2016 December Release\game\src\main\java\net\dungeonrealms\game\affair\party\LootMode.java
C:\Users\Drew\Desktop\DungeonRealms\DR 2016 December Release\game\src\main\java\net\dungeonrealms\game\item\event\ItemInventoryEvent.java
C:\Users\Drew\Desktop\DungeonRealms\DR 2016 December Release\game\src\main\java\net\dungeonrealms\game\handler\ProtectionHandler.java
C:\Users\Drew\Desktop\DungeonRealms\DR 2016 December Release\game\src\main\java\net\dungeonrealms\game\item\items\functional\ItemBuff.java
C:\Users\Drew\Desktop\DungeonRealms\DR 2016 December Release\game\src\main\java\net\dungeonrealms\game\profession\fishing\FishBlockBuff.java
C:\Users\Drew\Desktop\DungeonRealms\DR 2016 December Release\game\src\main\java\net\dungeonrealms\game\miscellaneous\ScrapTier.java
C:\Users\Drew\Desktop\DungeonRealms\DR 2016 December Release\game\src\main\java\net\dungeonrealms\game\world\entity\type\pet\Bat.java
C:\Users\Drew\Desktop\DungeonRealms\DR 2016 December Release\game\src\main\java\net\dungeonrealms\game\command\friend\FriendsCommand.java
C:\Users\Drew\Desktop\DungeonRealms\DR 2016 December Release\game\src\main\java\net\dungeonrealms\game\mechanic\ReflectionAPI.java
C:\Users\Drew\Desktop\DungeonRealms\DR 2016 December Release\game\src\main\java\net\dungeonrealms\game\world\entity\type\monster\base\DRWolf.java
C:\Users\Drew\Desktop\DungeonRealms\DR 2016 December Release\game\src\main\java\net\dungeonrealms\game\command\CommandPurchase.java
C:\Users\Drew\Desktop\DungeonRealms\DR 2016 December Release\game\src\main\java\net\dungeonrealms\game\mechanic\data\HorseTier.java
C:\Users\Drew\Desktop\DungeonRealms\DR 2016 December Release\game\src\main\java\net\dungeonrealms\game\affair\party\Party.java
C:\Users\Drew\Desktop\DungeonRealms\DR 2016 December Release\game\src\main\java\net\dungeonrealms\game\command\menu\CommandProfile.java
C:\Users\Drew\Desktop\DungeonRealms\DR 2016 December Release\game\src\main\java\net\dungeonrealms\game\command\CommandTips.java
C:\Users\Drew\Desktop\DungeonRealms\DR 2016 December Release\game\src\main\java\net\dungeonrealms\game\world\spawning\MobSpawner.java
C:\Users\Drew\Desktop\DungeonRealms\DR 2016 December Release\game\src\main\java\net\dungeonrealms\game\world\loot\types\LootType.java
C:\Users\Drew\Desktop\DungeonRealms\DR 2016 December Release\game\src\main\java\net\dungeonrealms\game\world\teleportation\WorldRegion.java
C:\Users\Drew\Desktop\DungeonRealms\DR 2016 December Release\game\src\main\java\net\dungeonrealms\game\item\items\functional\ecash\ItemParticleSelector.java
C:\Users\Drew\Desktop\DungeonRealms\DR 2016 December Release\game\src\main\java\net\dungeonrealms\game\command\CommandArmorSee.java
C:\Users\Drew\Desktop\DungeonRealms\DR 2016 December Release\game\src\main\java\net\dungeonrealms\game\donation\buffs\Buff.java
C:\Users\Drew\Desktop\DungeonRealms\DR 2016 December Release\game\src\main\java\net\dungeonrealms\game\command\CommandPacketLog.java
C:\Users\Drew\Desktop\DungeonRealms\DR 2016 December Release\game\src\main\java\net\dungeonrealms\game\quests\gui\GuiQuestSelector.java
C:\Users\Drew\Desktop\DungeonRealms\DR 2016 December Release\game\src\main\java\net\dungeonrealms\game\handler\ScoreboardHandler.java
C:\Users\Drew\Desktop\DungeonRealms\DR 2016 December Release\game\src\main\java\net\dungeonrealms\game\command\KickAllCommand.java
C:\Users\Drew\Desktop\DungeonRealms\DR 2016 December Release\game\src\main\java\net\dungeonrealms\game\command\CommandMail.java
C:\Users\Drew\Desktop\DungeonRealms\DR 2016 December Release\game\src\main\java\net\dungeonrealms\game\tab\Transition.java
C:\Users\Drew\Desktop\DungeonRealms\DR 2016 December Release\game\src\main\java\net\dungeonrealms\game\command\toggle\CommandToggleTips.java
C:\Users\Drew\Desktop\DungeonRealms\DR 2016 December Release\game\src\main\java\net\dungeonrealms\game\command\CommandVote.java
C:\Users\Drew\Desktop\DungeonRealms\DR 2016 December Release\game\src\main\java\net\dungeonrealms\game\command\menu\CommandTrail.java
C:\Users\Drew\Desktop\DungeonRealms\DR 2016 December Release\game\src\main\java\net\dungeonrealms\game\listener\world\RealmListener.java
C:\Users\Drew\Desktop\DungeonRealms\DR 2016 December Release\game\src\main\java\net\dungeonrealms\game\profession\Fishing.java
C:\Users\Drew\Desktop\DungeonRealms\DR 2016 December Release\game\src\main\java\net\dungeonrealms\game\player\inventory\menus\ShopMenuMisc.java
C:\Users\Drew\Desktop\DungeonRealms\DR 2016 December Release\game\src\main\java\net\dungeonrealms\game\quests\objectives\ObjectiveGather.java
C:\Users\Drew\Desktop\DungeonRealms\DR 2016 December Release\game\src\main\java\net\dungeonrealms\game\command\CommandList.java
C:\Users\Drew\Desktop\DungeonRealms\DR 2016 December Release\game\src\main\java\net\dungeonrealms\game\world\entity\type\mounts\Mule.java
C:\Users\Drew\Desktop\DungeonRealms\DR 2016 December Release\game\src\main\java\net\dungeonrealms\game\item\items\core\ItemArmor.java
C:\Users\Drew\Desktop\DungeonRealms\DR 2016 December Release\game\src\main\java\net\dungeonrealms\game\mechanic\data\PouchTier.java
C:\Users\Drew\Desktop\DungeonRealms\DR 2016 December Release\game\src\main\java\net\dungeonrealms\game\command\friend\AddCommand.java
C:\Users\Drew\Desktop\DungeonRealms\DR 2016 December Release\game\src\main\java\net\dungeonrealms\game\mechanic\data\EnumBuff.java
C:\Users\Drew\Desktop\DungeonRealms\DR 2016 December Release\game\src\main\java\net\dungeonrealms\game\command\punish\CommandMute.java
C:\Users\Drew\Desktop\DungeonRealms\DR 2016 December Release\game\src\main\java\net\dungeonrealms\game\player\menu\CraftingMenu.java
C:\Users\Drew\Desktop\DungeonRealms\DR 2016 December Release\game\src\main\java\net\dungeonrealms\game\mechanic\data\DropRate.java
C:\Users\Drew\Desktop\DungeonRealms\DR 2016 December Release\game\src\main\java\net\dungeonrealms\game\item\items\functional\ItemHealingFood.java
C:\Users\Drew\Desktop\DungeonRealms\DR 2016 December Release\game\src\main\java\net\dungeonrealms\game\command\dungeon\DungeonJoin.java
C:\Users\Drew\Desktop\DungeonRealms\DR 2016 December Release\game\src\main\java\net\dungeonrealms\game\item\items\functional\ItemGemNote.java
C:\Users\Drew\Desktop\DungeonRealms\DR 2016 December Release\game\src\main\java\net\dungeonrealms\game\world\entity\type\monster\base\DRZombie.java
C:\Users\Drew\Desktop\DungeonRealms\DR 2016 December Release\game\src\main\java\net\dungeonrealms\game\player\inventory\menus\ShopItemVendor.java
C:\Users\Drew\Desktop\DungeonRealms\DR 2016 December Release\game\src\main\java\net\dungeonrealms\game\world\entity\type\monster\boss\type\Mayel.java
C:\Users\Drew\Desktop\DungeonRealms\DR 2016 December Release\game\src\main\java\net\dungeonrealms\game\player\support\Support.java
C:\Users\Drew\Desktop\DungeonRealms\DR 2016 December Release\game\src\main\java\net\dungeonrealms\game\listener\MainListener.java
C:\Users\Drew\Desktop\DungeonRealms\DR 2016 December Release\game\src\main\java\net\dungeonrealms\game\quests\gui\GuiStageSelector.java
C:\Users\Drew\Desktop\DungeonRealms\DR 2016 December Release\game\src\main\java\net\dungeonrealms\game\player\combat\CombatLog.java
C:\Users\Drew\Desktop\DungeonRealms\DR 2016 December Release\game\src\main\java\net\dungeonrealms\game\world\entity\type\monster\base\DRSkeleton.java
C:\Users\Drew\Desktop\DungeonRealms\DR 2016 December Release\game\src\main\java\net\dungeonrealms\game\quests\gui\GuiQuestItemGenerator.java
C:\Users\Drew\Desktop\DungeonRealms\DR 2016 December Release\game\src\main\java\net\dungeonrealms\game\quests\objectives\ObjectiveOpenJournal.java
C:\Users\Drew\Desktop\DungeonRealms\DR 2016 December Release\game\src\main\java\net\dungeonrealms\game\player\inventory\menus\ShopAnimalTamer.java
C:\Users\Drew\Desktop\DungeonRealms\DR 2016 December Release\game\src\main\java\net\dungeonrealms\game\item\items\functional\ecash\ItemParticleTrail.java
C:\Users\Drew\Desktop\DungeonRealms\DR 2016 December Release\game\src\main\java\net\dungeonrealms\game\command\punish\CommandUnban.java
C:\Users\Drew\Desktop\DungeonRealms\DR 2016 December Release\game\src\main\java\net\dungeonrealms\game\world\entity\type\monster\type\ranged\staff\BasicEntityBlaze.java
C:\Users\Drew\Desktop\DungeonRealms\DR 2016 December Release\game\src\main\java\net\dungeonrealms\game\world\entity\util\EntityStats.java
C:\Users\Drew\Desktop\DungeonRealms\DR 2016 December Release\game\src\main\java\net\dungeonrealms\game\command\CommandAnswer.java
C:\Users\Drew\Desktop\DungeonRealms\DR 2016 December Release\game\src\main\java\net\dungeonrealms\game\listener\mechanic\RestrictionListener.java
C:\Users\Drew\Desktop\DungeonRealms\DR 2016 December Release\game\src\main\java\net\dungeonrealms\game\player\menu\ShardSwitcher.java
C:\Users\Drew\Desktop\DungeonRealms\DR 2016 December Release\game\src\main\java\net\dungeonrealms\game\player\chat\Chat.java
C:\Users\Drew\Desktop\DungeonRealms\DR 2016 December Release\game\src\main\java\net\dungeonrealms\game\player\inventory\ShopMenuListener.java
C:\Users\Drew\Desktop\DungeonRealms\DR 2016 December Release\game\src\main\java\net\dungeonrealms\game\quests\QuestPlayerData.java
C:\Users\Drew\Desktop\DungeonRealms\DR 2016 December Release\game\src\main\java\net\dungeonrealms\game\player\inventory\GUI.java
C:\Users\Drew\Desktop\DungeonRealms\DR 2016 December Release\game\src\main\java\net\dungeonrealms\game\profession\fishing\FishHungerBuff.java
C:\Users\Drew\Desktop\DungeonRealms\DR 2016 December Release\game\src\main\java\net\dungeonrealms\game\world\entity\type\monster\base\DREnderman.java
C:\Users\Drew\Desktop\DungeonRealms\DR 2016 December Release\game\src\main\java\net\dungeonrealms\game\listener\combat\PvPListener.java
C:\Users\Drew\Desktop\DungeonRealms\DR 2016 December Release\game\src\main\java\net\dungeonrealms\game\command\CommandSetRank.java
C:\Users\Drew\Desktop\DungeonRealms\DR 2016 December Release\game\src\main\java\net\dungeonrealms\game\title\TabTitleSendEvent.java
C:\Users\Drew\Desktop\DungeonRealms\DR 2016 December Release\game\src\main\java\net\dungeonrealms\game\item\event\ItemConsumeEvent.java
C:\Users\Drew\Desktop\DungeonRealms\DR 2016 December Release\game\src\main\java\net\dungeonrealms\game\world\entity\type\pet\Slime.java
C:\Users\Drew\Desktop\DungeonRealms\DR 2016 December Release\game\src\main\java\net\dungeonrealms\game\world\entity\type\monster\base\DRWitherSkeleton.java
C:\Users\Drew\Desktop\DungeonRealms\DR 2016 December Release\game\src\main\java\net\dungeonrealms\game\item\items\functional\ecash\ItemPetSelector.java
C:\Users\Drew\Desktop\DungeonRealms\DR 2016 December Release\game\src\main\java\net\dungeonrealms\game\world\entity\type\monster\base\DRWitch.java
C:\Users\Drew\Desktop\DungeonRealms\DR 2016 December Release\game\src\main\java\net\dungeonrealms\game\item\items\functional\ecash\ItemPet.java
C:\Users\Drew\Desktop\DungeonRealms\DR 2016 December Release\game\src\main\java\net\dungeonrealms\game\tab\column\CharacterTabColumn.java
C:\Users\Drew\Desktop\DungeonRealms\DR 2016 December Release\game\src\main\java\net\dungeonrealms\game\world\entity\type\pet\MagmaCube.java
C:\Users\Drew\Desktop\DungeonRealms\DR 2016 December Release\game\src\main\java\net\dungeonrealms\game\donation\eggs\WBInstance.java
C:\Users\Drew\Desktop\DungeonRealms\DR 2016 December Release\game\src\main\java\net\dungeonrealms\game\world\entity\type\pet\Endermite.java
C:\Users\Drew\Desktop\DungeonRealms\DR 2016 December Release\game\src\main\java\net\dungeonrealms\game\item\items\functional\ItemGemPouch.java
C:\Users\Drew\Desktop\DungeonRealms\DR 2016 December Release\game\src\main\java\net\dungeonrealms\game\mechanic\generic\EnumPriority.java
C:\Users\Drew\Desktop\DungeonRealms\DR 2016 December Release\game\src\main\java\net\dungeonrealms\game\item\items\functional\ItemRealmChest.java
C:\Users\Drew\Desktop\DungeonRealms\DR 2016 December Release\game\src\main\java\net\dungeonrealms\game\world\item\itemgenerator\modifiers\ArmorModifiers.java
C:\Users\Drew\Desktop\DungeonRealms\DR 2016 December Release\game\src\main\java\net\dungeonrealms\game\item\items\core\ItemPickaxe.java
C:\Users\Drew\Desktop\DungeonRealms\DR 2016 December Release\game\src\main\java\net\dungeonrealms\game\command\CommandRealmFix.java
C:\Users\Drew\Desktop\DungeonRealms\DR 2016 December Release\game\src\main\java\net\dungeonrealms\game\handler\TipHandler.java
C:\Users\Drew\Desktop\DungeonRealms\DR 2016 December Release\game\src\main\java\net\dungeonrealms\game\miscellaneous\VectorUtils.java
C:\Users\Drew\Desktop\DungeonRealms\DR 2016 December Release\game\src\main\java\net\dungeonrealms\game\item\items\core\ShopItem.java
C:\Users\Drew\Desktop\DungeonRealms\DR 2016 December Release\game\src\main\java\net\dungeonrealms\game\command\CommandEss.java
C:\Users\Drew\Desktop\DungeonRealms\DR 2016 December Release\game\src\main\java\net\dungeonrealms\game\command\menu\CommandAchievements.java
C:\Users\Drew\Desktop\DungeonRealms\DR 2016 December Release\game\src\main\java\net\dungeonrealms\game\mechanic\generic\GenericMechanic.java
C:\Users\Drew\Desktop\DungeonRealms\DR 2016 December Release\game\src\main\java\net\dungeonrealms\game\command\party\CommandPl.java
C:\Users\Drew\Desktop\DungeonRealms\DR 2016 December Release\game\src\main\java\net\dungeonrealms\game\tab\column\GuildTabColumn.java
C:\Users\Drew\Desktop\DungeonRealms\DR 2016 December Release\game\src\main\java\net\dungeonrealms\game\world\spawning\BaseMobSpawner.java
C:\Users\Drew\Desktop\DungeonRealms\DR 2016 December Release\game\src\main\java\net\dungeonrealms\game\player\json\JSONMessage.java
C:\Users\Drew\Desktop\DungeonRealms\DR 2016 December Release\game\src\main\java\net\dungeonrealms\game\world\entity\type\mounts\mule\MuleTier.java
C:\Users\Drew\Desktop\DungeonRealms\DR 2016 December Release\game\src\main\java\net\dungeonrealms\game\world\realms\Realm.java
C:\Users\Drew\Desktop\DungeonRealms\DR 2016 December Release\game\src\main\java\net\dungeonrealms\game\tab\Column.java
C:\Users\Drew\Desktop\DungeonRealms\DR 2016 December Release\game\src\main\java\net\dungeonrealms\game\achievements\AchievementManager.java
C:\Users\Drew\Desktop\DungeonRealms\DR 2016 December Release\game\src\main\java\net\dungeonrealms\game\guild\banner\BannerCreatorMenu.java
C:\Users\Drew\Desktop\DungeonRealms\DR 2016 December Release\game\src\main\java\net\dungeonrealms\game\command\CommandIgnore.java
C:\Users\Drew\Desktop\DungeonRealms\DR 2016 December Release\game\src\main\java\net\dungeonrealms\game\quests\gui\GuiNPCPicker.java
C:\Users\Drew\Desktop\DungeonRealms\DR 2016 December Release\game\src\main\java\net\dungeonrealms\game\world\realms\Realms.java
C:\Users\Drew\Desktop\DungeonRealms\DR 2016 December Release\game\src\main\java\net\dungeonrealms\game\player\chat\TabbedChatListener.java
C:\Users\Drew\Desktop\DungeonRealms\DR 2016 December Release\game\src\main\java\net\dungeonrealms\game\guild\token\GuildCreateToken.java
C:\Users\Drew\Desktop\DungeonRealms\DR 2016 December Release\game\src\main\java\net\dungeonrealms\game\command\guild\CommandGPromote.java
C:\Users\Drew\Desktop\DungeonRealms\DR 2016 December Release\game\src\main\java\net\dungeonrealms\game\item\items\functional\ItemPlayerJournal.java
C:\Users\Drew\Desktop\DungeonRealms\DR 2016 December Release\game\src\main\java\net\dungeonrealms\game\mastery\DamageTracker.java
C:\Users\Drew\Desktop\DungeonRealms\DR 2016 December Release\game\src\main\java\net\dungeonrealms\game\command\CommandHead.java
C:\Users\Drew\Desktop\DungeonRealms\DR 2016 December Release\game\src\main\java\net\dungeonrealms\game\command\CommandHeadGm.java
C:\Users\Drew\Desktop\DungeonRealms\DR 2016 December Release\game\src\main\java\net\dungeonrealms\game\listener\combat\DamageListener.java
C:\Users\Drew\Desktop\DungeonRealms\DR 2016 December Release\game\src\main\java\net\dungeonrealms\game\item\items\functional\ItemMuleUpgrade.java
C:\Users\Drew\Desktop\DungeonRealms\DR 2016 December Release\game\src\main\java\net\dungeonrealms\game\command\moderation\CommandMuleSee.java
C:\Users\Drew\Desktop\DungeonRealms\DR 2016 December Release\game\src\main\java\net\dungeonrealms\game\command\CommandSuicide.java
C:\Users\Drew\Desktop\DungeonRealms\DR 2016 December Release\game\src\main\java\net\dungeonrealms\game\item\items\core\ItemWeaponRanged.java
C:\Users\Drew\Desktop\DungeonRealms\DR 2016 December Release\game\src\main\java\net\dungeonrealms\game\player\inventory\menus\ShopProfessionVendor.java
C:\Users\Drew\Desktop\DungeonRealms\DR 2016 December Release\game\src\main\java\net\dungeonrealms\game\command\CommandAdd.java
C:\Users\Drew\Desktop\DungeonRealms\DR 2016 December Release\game\src\main\java\net\dungeonrealms\game\player\duel\DuelingMechanics.java
C:\Users\Drew\Desktop\DungeonRealms\DR 2016 December Release\game\src\main\java\net\dungeonrealms\game\item\items\functional\ecash\ItemMountSelector.java
C:\Users\Drew\Desktop\DungeonRealms\DR 2016 December Release\game\src\main\java\net\dungeonrealms\game\mechanic\GraveyardMechanic.java
C:\Users\Drew\Desktop\DungeonRealms\DR 2016 December Release\game\src\main\java\net\dungeonrealms\game\command\party\CommandPLeave.java
C:\Users\Drew\Desktop\DungeonRealms\DR 2016 December Release\game\src\main\java\net\dungeonrealms\game\command\CommandRealm.java
C:\Users\Drew\Desktop\DungeonRealms\DR 2016 December Release\game\src\main\java\net\dungeonrealms\game\command\CommandMessage.java
C:\Users\Drew\Desktop\DungeonRealms\DR 2016 December Release\game\src\main\java\net\dungeonrealms\game\title\TitleSendEvent.java
C:\Users\Drew\Desktop\DungeonRealms\DR 2016 December Release\game\src\main\java\net\dungeonrealms\game\command\CommandDevDebug.java
C:\Users\Drew\Desktop\DungeonRealms\DR 2016 December Release\game\src\main\java\net\dungeonrealms\game\command\dungeon\ReplaceNear.java
C:\Users\Drew\Desktop\DungeonRealms\DR 2016 December Release\game\src\main\java\net\dungeonrealms\game\world\entity\type\NPC.java
C:\Users\Drew\Desktop\DungeonRealms\DR 2016 December Release\game\src\main\java\net\dungeonrealms\game\command\menu\CommandPet.java
C:\Users\Drew\Desktop\DungeonRealms\DR 2016 December Release\game\src\main\java\net\dungeonrealms\game\guild\database\GuildDatabase.java
C:\Users\Drew\Desktop\DungeonRealms\DR 2016 December Release\game\src\main\java\net\dungeonrealms\game\handler\EnergyHandler.java
C:\Users\Drew\Desktop\DungeonRealms\DR 2016 December Release\game\src\main\java\net\dungeonrealms\game\mastery\Stats.java
C:\Users\Drew\Desktop\DungeonRealms\DR 2016 December Release\game\src\main\java\net\dungeonrealms\game\command\CommandWhois.java
C:\Users\Drew\Desktop\DungeonRealms\DR 2016 December Release\game\src\main\java\net\dungeonrealms\game\command\CommandStuck.java
C:\Users\Drew\Desktop\DungeonRealms\DR 2016 December Release\game\src\main\java\net\dungeonrealms\game\command\toggle\CommandToggleTradeChat.java
C:\Users\Drew\Desktop\DungeonRealms\DR 2016 December Release\game\src\main\java\net\dungeonrealms\game\donation\BossEggs.java
C:\Users\Drew\Desktop\DungeonRealms\DR 2016 December Release\game\src\main\java\net\dungeonrealms\game\mechanic\TutorialMechanics.java
C:\Users\Drew\Desktop\DungeonRealms\DR 2016 December Release\game\src\main\java\net\dungeonrealms\game\profession\fishing\FishRegenBuff.java
C:\Users\Drew\Desktop\DungeonRealms\DR 2016 December Release\game\src\main\java\net\dungeonrealms\game\quests\ISaveable.java
C:\Users\Drew\Desktop\DungeonRealms\DR 2016 December Release\game\src\main\java\net\dungeonrealms\game\world\entity\type\pet\BabyZombiePig.java
C:\Users\Drew\Desktop\DungeonRealms\DR 2016 December Release\game\src\main\java\net\dungeonrealms\game\profession\fishing\FishSpeedBuff.java
C:\Users\Drew\Desktop\DungeonRealms\DR 2016 December Release\game\src\main\java\net\dungeonrealms\game\command\guild\CommandGAccept.java
C:\Users\Drew\Desktop\DungeonRealms\DR 2016 December Release\game\src\main\java\net\dungeonrealms\game\profession\fishing\FishArmorBuff.java
C:\Users\Drew\Desktop\DungeonRealms\DR 2016 December Release\game\src\main\java\net\dungeonrealms\game\world\entity\type\pet\Creeper.java
C:\Users\Drew\Desktop\DungeonRealms\DR 2016 December Release\game\src\main\java\net\dungeonrealms\game\world\entity\type\pet\Ocelot.java
C:\Users\Drew\Desktop\DungeonRealms\DR 2016 December Release\game\src\main\java\net\dungeonrealms\game\command\CommandInvoke.java
C:\Users\Drew\Desktop\DungeonRealms\DR 2016 December Release\game\src\main\java\net\dungeonrealms\game\handler\FriendHandler.java
C:\Users\Drew\Desktop\DungeonRealms\DR 2016 December Release\game\src\main\java\net\dungeonrealms\game\world\entity\type\monster\type\EnumMonster.java
C:\Users\Drew\Desktop\DungeonRealms\DR 2016 December Release\game\src\main\java\net\dungeonrealms\game\world\entity\powermove\type\IcyBreath.java
C:\Users\Drew\Desktop\DungeonRealms\DR 2016 December Release\game\src\main\java\net\dungeonrealms\game\world\entity\type\monster\type\EnumDungeonBoss.java
C:\Users\Drew\Desktop\DungeonRealms\DR 2016 December Release\game\src\main\java\net\dungeonrealms\game\listener\world\DungeonListener.java
C:\Users\Drew\Desktop\DungeonRealms\DR 2016 December Release\game\src\main\java\net\dungeonrealms\game\command\CommandTeleport.java
C:\Users\Drew\Desktop\DungeonRealms\DR 2016 December Release\game\src\main\java\net\dungeonrealms\game\player\inventory\menus\ShopHearthstoneLocation.java
C:\Users\Drew\Desktop\DungeonRealms\DR 2016 December Release\game\src\main\java\net\dungeonrealms\game\world\entity\type\mounts\SpiderMount.java
C:\Users\Drew\Desktop\DungeonRealms\DR 2016 December Release\game\src\main\java\net\dungeonrealms\game\mastery\MetadataUtils.java
C:\Users\Drew\Desktop\DungeonRealms\DR 2016 December Release\game\src\main\java\net\dungeonrealms\game\command\CommandStore.java
C:\Users\Drew\Desktop\DungeonRealms\DR 2016 December Release\game\src\main\java\net\dungeonrealms\game\command\party\CommandPLoot.java
C:\Users\Drew\Desktop\DungeonRealms\DR 2016 December Release\game\src\main\java\net\dungeonrealms\game\world\entity\util\MountUtils.java
C:\Users\Drew\Desktop\DungeonRealms\DR 2016 December Release\game\src\main\java\net\dungeonrealms\game\world\spawning\SpawningMechanics.java
C:\Users\Drew\Desktop\DungeonRealms\DR 2016 December Release\game\src\main\java\net\dungeonrealms\game\command\guild\CommandGQuit.java
C:\Users\Drew\Desktop\DungeonRealms\DR 2016 December Release\game\src\main\java\net\dungeonrealms\game\quests\objectives\ObjectiveUseAnvil.java
C:\Users\Drew\Desktop\DungeonRealms\DR 2016 December Release\game\src\main\java\net\dungeonrealms\game\command\CommandRoll.java
C:\Users\Drew\Desktop\DungeonRealms\DR 2016 December Release\game\src\main\java\net\dungeonrealms\game\listener\inventory\ShopListener.java
C:\Users\Drew\Desktop\DungeonRealms\DR 2016 December Release\game\src\main\java\net\dungeonrealms\game\quests\objectives\ObjectiveOpenRealm.java
C:\Users\Drew\Desktop\DungeonRealms\DR 2016 December Release\game\src\main\java\net\dungeonrealms\game\mastery\NBTUtils.java
C:\Users\Drew\Desktop\DungeonRealms\DR 2016 December Release\game\src\main\java\net\dungeonrealms\game\command\toggle\CommandToggleDamageIndicators.java
C:\Users\Drew\Desktop\DungeonRealms\DR 2016 December Release\game\src\main\java\net\dungeonrealms\game\command\moderation\CommandInvsee.java
C:\Users\Drew\Desktop\DungeonRealms\DR 2016 December Release\game\src\main\java\net\dungeonrealms\game\mechanic\TutorialIsland.java
C:\Users\Drew\Desktop\DungeonRealms\DR 2016 December Release\game\src\main\java\net\dungeonrealms\game\command\guild\CommandGDemote.java
C:\Users\Drew\Desktop\DungeonRealms\DR 2016 December Release\game\src\main\java\net\dungeonrealms\game\listener\mechanic\EnergyListener.java
C:\Users\Drew\Desktop\DungeonRealms\DR 2016 December Release\game\src\main\java\net\dungeonrealms\game\mastery\NMSUtils.java
C:\Users\Drew\Desktop\DungeonRealms\DR 2016 December Release\game\src\main\java\net\dungeonrealms\game\item\items\functional\ItemPlayerProfile.java
C:\Users\Drew\Desktop\DungeonRealms\DR 2016 December Release\game\src\main\java\net\dungeonrealms\game\command\menu\CommandMount.java
C:\Users\Drew\Desktop\DungeonRealms\DR 2016 December Release\game\src\main\java\net\dungeonrealms\game\world\spawning\EliteMobSpawner.java
C:\Users\Drew\Desktop\DungeonRealms\DR 2016 December Release\game\src\main\java\net\dungeonrealms\game\world\entity\type\mounts\EnumMountSkins.java
C:\Users\Drew\Desktop\DungeonRealms\DR 2016 December Release\game\src\main\java\net\dungeonrealms\game\item\items\functional\ItemEnchantPickaxe.java
C:\Users\Drew\Desktop\DungeonRealms\DR 2016 December Release\game\src\main\java\net\dungeonrealms\game\anticheat\DebugUtil.java
C:\Users\Drew\Desktop\DungeonRealms\DR 2016 December Release\game\src\main\java\net\dungeonrealms\game\world\entity\type\monster\type\melee\InfernalEndermen.java
C:\Users\Drew\Desktop\DungeonRealms\DR 2016 December Release\game\src\main\java\net\dungeonrealms\game\quests\StoreBase.java
C:\Users\Drew\Desktop\DungeonRealms\DR 2016 December Release\game\src\main\java\net\dungeonrealms\game\world\entity\type\monster\type\ranged\staff\StaffWitherSkeleton.java
C:\Users\Drew\Desktop\DungeonRealms\DR 2016 December Release\game\src\main\java\net\dungeonrealms\game\item\event\ItemClickEvent.java
C:\Users\Drew\Desktop\DungeonRealms\DR 2016 December Release\game\src\main\java\net\dungeonrealms\game\command\toggle\CommandToggleTrade.java
C:\Users\Drew\Desktop\DungeonRealms\DR 2016 December Release\game\src\main\java\net\dungeonrealms\game\mastery\Utils.java
C:\Users\Drew\Desktop\DungeonRealms\DR 2016 December Release\game\src\main\java\net\dungeonrealms\game\title\ActionBarMessageEvent.java
C:\Users\Drew\Desktop\DungeonRealms\DR 2016 December Release\game\src\main\java\net\dungeonrealms\game\player\inventory\menus\ShopFoodVendor.java
C:\Users\Drew\Desktop\DungeonRealms\DR 2016 December Release\game\src\main\java\net\dungeonrealms\game\player\trade\Trade.java
C:\Users\Drew\Desktop\DungeonRealms\DR 2016 December Release\game\src\main\java\net\dungeonrealms\game\player\banks\CurrencyTab.java
C:\Users\Drew\Desktop\DungeonRealms\DR 2016 December Release\game\src\main\java\net\dungeonrealms\game\item\items\functional\ItemMoney.java
C:\Users\Drew\Desktop\DungeonRealms\DR 2016 December Release\game\src\main\java\net\dungeonrealms\game\command\CommandMonSpawn.java
C:\Users\Drew\Desktop\DungeonRealms\DR 2016 December Release\game\src\main\java\net\dungeonrealms\game\item\items\functional\ItemEnchantFishingRod.java
C:\Users\Drew\Desktop\DungeonRealms\DR 2016 December Release\game\src\main\java\net\dungeonrealms\game\quests\gui\GuiNPCBank.java
C:\Users\Drew\Desktop\DungeonRealms\DR 2016 December Release\game\src\main\java\net\dungeonrealms\game\player\inventory\menus\ProfileMenu.java
C:\Users\Drew\Desktop\DungeonRealms\DR 2016 December Release\game\src\main\java\net\dungeonrealms\game\world\entity\EntityMechanics.java
C:\Users\Drew\Desktop\DungeonRealms\DR 2016 December Release\game\src\main\java\net\dungeonrealms\game\mechanic\PlayerManager.java
C:\Users\Drew\Desktop\DungeonRealms\DR 2016 December Release\game\src\main\java\net\dungeonrealms\game\command\StarterCommand.java
C:\Users\Drew\Desktop\DungeonRealms\DR 2016 December Release\game\src\main\java\net\dungeonrealms\DungeonRealms.java
C:\Users\Drew\Desktop\DungeonRealms\DR 2016 December Release\game\src\main\java\net\dungeonrealms\game\item\items\core\ItemGeneric.java
C:\Users\Drew\Desktop\DungeonRealms\DR 2016 December Release\game\src\main\java\net\dungeonrealms\game\mechanic\data\FishingTier.java
C:\Users\Drew\Desktop\DungeonRealms\DR 2016 December Release\game\src\main\java\net\dungeonrealms\game\quests\gui\GuiNPCEditor.java
C:\Users\Drew\Desktop\DungeonRealms\DR 2016 December Release\game\src\main\java\net\dungeonrealms\game\guild\GuildDatabaseAPI.java
C:\Users\Drew\Desktop\DungeonRealms\DR 2016 December Release\game\src\main\java\net\dungeonrealms\game\player\trade\TradeManager.java
C:\Users\Drew\Desktop\DungeonRealms\DR 2016 December Release\game\src\main\java\net\dungeonrealms\game\world\entity\type\monster\DRMonster.java
C:\Users\Drew\Desktop\DungeonRealms\DR 2016 December Release\game\src\main\java\net\dungeonrealms\game\world\realms\RealmMaterialFactory.java
C:\Users\Drew\Desktop\DungeonRealms\DR 2016 December Release\game\src\main\java\net\dungeonrealms\game\command\friend\RemoveCommand.java
C:\Users\Drew\Desktop\DungeonRealms\DR 2016 December Release\game\src\main\java\net\dungeonrealms\game\world\teleportation\TeleportLocation.java
C:\Users\Drew\Desktop\DungeonRealms\DR 2016 December Release\game\src\main\java\net\dungeonrealms\game\command\test\CommandTestRank.java
C:\Users\Drew\Desktop\DungeonRealms\DR 2016 December Release\game\src\main\java\net\dungeonrealms\game\world\shops\ShopMechanics.java
C:\Users\Drew\Desktop\DungeonRealms\DR 2016 December Release\game\src\main\java\net\dungeonrealms\game\listener\network\NetworkClientListener.java
C:\Users\Drew\Desktop\DungeonRealms\DR 2016 December Release\game\src\main\java\net\dungeonrealms\game\listener\NPCMenu.java
C:\Users\Drew\Desktop\DungeonRealms\DR 2016 December Release\game\src\main\java\net\dungeonrealms\game\mechanic\data\MiningTier.java
C:\Users\Drew\Desktop\DungeonRealms\DR 2016 December Release\game\src\main\java\net\dungeonrealms\game\player\inventory\menus\ShopDungeoneer.java
C:\Users\Drew\Desktop\DungeonRealms\DR 2016 December Release\game\src\main\java\net\dungeonrealms\game\item\items\functional\ItemEnchantScroll.java
C:\Users\Drew\Desktop\DungeonRealms\DR 2016 December Release\game\src\main\java\net\dungeonrealms\game\player\inventory\menus\ShopMenuMountSkin.java
C:\Users\Drew\Desktop\DungeonRealms\DR 2016 December Release\game\src\main\java\net\dungeonrealms\game\world\entity\type\monster\type\melee\SmallSpider.java
C:\Users\Drew\Desktop\DungeonRealms\DR 2016 December Release\game\src\main\java\net\dungeonrealms\game\world\teleportation\Teleportation.java
C:\Users\Drew\Desktop\DungeonRealms\DR 2016 December Release\game\src\main\java\net\dungeonrealms\game\world\realms\RealmProperty.java
C:\Users\Drew\Desktop\DungeonRealms\DR 2016 December Release\game\src\main\java\net\dungeonrealms\game\world\entity\type\monster\boss\type\subboss\InfernalGhast.java
C:\Users\Drew\Desktop\DungeonRealms\DR 2016 December Release\game\src\main\java\net\dungeonrealms\game\world\teleportation\TeleportAPI.java
C:\Users\Drew\Desktop\DungeonRealms\DR 2016 December Release\game\src\main\java\net\dungeonrealms\game\command\dungeon\BossTeleport.java
C:\Users\Drew\Desktop\DungeonRealms\DR 2016 December Release\game\src\main\java\net\dungeonrealms\game\world\entity\type\monster\base\DRCaveSpider.java
C:\Users\Drew\Desktop\DungeonRealms\DR 2016 December Release\game\src\main\java\net\dungeonrealms\game\world\entity\util\EntityAPI.java
C:\Users\Drew\Desktop\DungeonRealms\DR 2016 December Release\game\src\main\java\net\dungeonrealms\game\world\item\itemgenerator\engine\ModifierRange.java
C:\Users\Drew\Desktop\DungeonRealms\DR 2016 December Release\game\src\main\java\net\dungeonrealms\game\profession\fishing\FishDamageBuff.java
C:\Users\Drew\Desktop\DungeonRealms\DR 2016 December Release\game\src\main\java\net\dungeonrealms\game\world\entity\type\mounts\Horse.java
C:\Users\Drew\Desktop\DungeonRealms\DR 2016 December Release\game\src\main\java\net\dungeonrealms\game\command\toggle\CommandToggleGlobalChat.java
C:\Users\Drew\Desktop\DungeonRealms\DR 2016 December Release\game\src\main\java\net\dungeonrealms\game\quests\objectives\ObjectiveOpenProfile.java
C:\Users\Drew\Desktop\DungeonRealms\DR 2016 December Release\game\src\main\java\net\dungeonrealms\game\command\party\CommandPAccept.java
C:\Users\Drew\Desktop\DungeonRealms\DR 2016 December Release\game\src\main\java\net\dungeonrealms\game\profession\Mining.java
C:\Users\Drew\Desktop\DungeonRealms\DR 2016 December Release\game\src\main\java\net\dungeonrealms\game\command\CommandCloseShop.java
C:\Users\Drew\Desktop\DungeonRealms\DR 2016 December Release\game\src\main\java\net\dungeonrealms\game\world\entity\type\monster\boss\type\InfernalAbyss.java
C:\Users\Drew\Desktop\DungeonRealms\DR 2016 December Release\game\src\main\java\net\dungeonrealms\game\quests\objectives\ObjectiveUseHearthStone.java
C:\Users\Drew\Desktop\DungeonRealms\DR 2016 December Release\game\src\main\java\net\dungeonrealms\game\world\entity\powermove\type\WhirlWind.java
C:\Users\Drew\Desktop\DungeonRealms\DR 2016 December Release\game\src\main\java\net\dungeonrealms\game\command\CommandSudoChat.java
C:\Users\Drew\Desktop\DungeonRealms\DR 2016 December Release\game\src\main\java\net\dungeonrealms\game\enchantments\EnchantmentAPI.java
C:\Users\Drew\Desktop\DungeonRealms\DR 2016 December Release\game\src\main\java\net\dungeonrealms\game\world\entity\type\monster\type\melee\MeleeZombie.java
C:\Users\Drew\Desktop\DungeonRealms\DR 2016 December Release\game\src\main\java\net\dungeonrealms\game\quests\QuestStage.java
C:\Users\Drew\Desktop\DungeonRealms\DR 2016 December Release\game\src\main\java\net\dungeonrealms\game\command\guild\CommandGInvite.java
C:\Users\Drew\Desktop\DungeonRealms\DR 2016 December Release\game\src\main\java\net\dungeonrealms\game\world\entity\type\monster\type\melee\MeleeEnderman.java
C:\Users\Drew\Desktop\DungeonRealms\DR 2016 December Release\game\src\main\java\net\dungeonrealms\game\command\CommandRealmWipe.java
C:\Users\Drew\Desktop\DungeonRealms\DR 2016 December Release\game\src\main\java\net\dungeonrealms\game\anticheat\PacketModifier.java
C:\Users\Drew\Desktop\DungeonRealms\DR 2016 December Release\game\src\main\java\net\dungeonrealms\game\miscellaneous\Repair.java
C:\Users\Drew\Desktop\DungeonRealms\DR 2016 December Release\game\src\main\java\net\dungeonrealms\game\miscellaneous\TradeCalculator.java
C:\Users\Drew\Desktop\DungeonRealms\DR 2016 December Release\game\src\main\java\net\dungeonrealms\game\affair\party\PLootMenu.java
C:\Users\Drew\Desktop\DungeonRealms\DR 2016 December Release\game\src\main\java\net\dungeonrealms\game\command\CommandLag.java
C:\Users\Drew\Desktop\DungeonRealms\DR 2016 December Release\game\src\main\java\net\dungeonrealms\game\mechanic\ParticleAPI.java
C:\Users\Drew\Desktop\DungeonRealms\DR 2016 December Release\game\src\main\java\net\dungeonrealms\game\command\support\CommandSupport.java
C:\Users\Drew\Desktop\DungeonRealms\DR 2016 December Release\game\src\main\java\net\dungeonrealms\game\listener\mechanic\BossListener.java
C:\Users\Drew\Desktop\DungeonRealms\DR 2016 December Release\game\src\main\java\net\dungeonrealms\game\listener\inventory\PassiveEntityListener.java
C:\Users\Drew\Desktop\DungeonRealms\DR 2016 December Release\game\src\main\java\net\dungeonrealms\game\item\items\functional\ecash\ItemRetrainingBook.java
C:\Users\Drew\Desktop\DungeonRealms\DR 2016 December Release\game\src\main\java\net\dungeonrealms\game\handler\ClickHandler.java
C:\Users\Drew\Desktop\DungeonRealms\DR 2016 December Release\game\src\main\java\net\dungeonrealms\game\quests\gui\GuiStageEditor.java
C:\Users\Drew\Desktop\DungeonRealms\DR 2016 December Release\game\src\main\java\net\dungeonrealms\game\world\entity\type\mounts\MountData.java
C:\Users\Drew\Desktop\DungeonRealms\DR 2016 December Release\game\src\main\java\net\dungeonrealms\game\quests\gui\GuiItemSelector.java
C:\Users\Drew\Desktop\DungeonRealms\DR 2016 December Release\game\src\main\java\net\dungeonrealms\game\command\test\CommandTestDupe.java
C:\Users\Drew\Desktop\DungeonRealms\DR 2016 December Release\game\src\main\java\net\dungeonrealms\game\world\entity\type\monster\base\DRMagma.java
C:\Users\Drew\Desktop\DungeonRealms\DR 2016 December Release\game\src\main\java\net\dungeonrealms\game\player\statistics\PlayerStatistics.java
C:\Users\Drew\Desktop\DungeonRealms\DR 2016 December Release\game\src\main\java\net\dungeonrealms\game\quests\NPCAnimation.java
C:\Users\Drew\Desktop\DungeonRealms\DR 2016 December Release\game\src\main\java\net\dungeonrealms\game\world\entity\type\mounts\EnumMounts.java
C:\Users\Drew\Desktop\DungeonRealms\DR 2016 December Release\game\src\main\java\net\dungeonrealms\game\command\CommandInterface.java
C:\Users\Drew\Desktop\DungeonRealms\DR 2016 December Release\game\src\main\java\net\dungeonrealms\game\quests\objectives\ObjectiveCreateShop.java
C:\Users\Drew\Desktop\DungeonRealms\DR 2016 December Release\game\src\main\java\net\dungeonrealms\game\world\entity\type\monster\base\DRPigman.java
C:\Users\Drew\Desktop\DungeonRealms\DR 2016 December Release\game\src\main\java\net\dungeonrealms\game\player\banks\BankMechanics.java
C:\Users\Drew\Desktop\DungeonRealms\DR 2016 December Release\game\src\main\java\net\dungeonrealms\game\command\CommandCountdownStop.java
C:\Users\Drew\Desktop\DungeonRealms\DR 2016 December Release\game\src\main\java\net\dungeonrealms\game\quests\GeneralUtils.java
C:\Users\Drew\Desktop\DungeonRealms\DR 2016 December Release\game\src\main\java\net\dungeonrealms\game\command\toggle\CommandToggleDuel.java
C:\Users\Drew\Desktop\DungeonRealms\DR 2016 December Release\game\src\main\java\net\dungeonrealms\game\listener\inventory\AntiCheatListener.java
C:\Users\Drew\Desktop\DungeonRealms\DR 2016 December Release\game\src\main\java\net\dungeonrealms\game\anticheat\AntiDuplication.java
C:\Users\Drew\Desktop\DungeonRealms\DR 2016 December Release\game\src\main\java\net\dungeonrealms\game\command\toggle\CommandToggleTells.java
C:\Users\Drew\Desktop\DungeonRealms\DR 2016 December Release\game\src\main\java\net\dungeonrealms\game\command\CommandResetRealm.java
C:\Users\Drew\Desktop\DungeonRealms\DR 2016 December Release\game\src\main\java\net\dungeonrealms\game\item\items\core\CombatItem.java
C:\Users\Drew\Desktop\DungeonRealms\DR 2016 December Release\game\src\main\java\net\dungeonrealms\game\listener\combat\DamageType.java
C:\Users\Drew\Desktop\DungeonRealms\DR 2016 December Release\game\src\main\java\net\dungeonrealms\game\quests\gui\GuiObjectiveSelector.java
C:\Users\Drew\Desktop\DungeonRealms\DR 2016 December Release\game\src\main\java\net\dungeonrealms\game\profession\fishing\FishHealBuff.java
C:\Users\Drew\Desktop\DungeonRealms\DR 2016 December Release\game\src\main\java\net\dungeonrealms\game\mechanic\ItemManager.java
C:\Users\Drew\Desktop\DungeonRealms\DR 2016 December Release\game\src\main\java\net\dungeonrealms\game\miscellaneous\LocationUtils.java
C:\Users\Drew\Desktop\DungeonRealms\DR 2016 December Release\game\src\main\java\net\dungeonrealms\game\quests\QuestInterval.java
C:\Users\Drew\Desktop\DungeonRealms\DR 2016 December Release\game\src\main\java\net\dungeonrealms\game\world\entity\type\monster\boss\Boss.java
C:\Users\Drew\Desktop\DungeonRealms\DR 2016 December Release\game\src\main\java\net\dungeonrealms\game\world\entity\type\monster\type\melee\MeleeGolem.java
C:\Users\Drew\Desktop\DungeonRealms\DR 2016 December Release\game\src\main\java\net\dungeonrealms\game\command\CommandSpawn.java
C:\Users\Drew\Desktop\DungeonRealms\DR 2016 December Release\game\src\main\java\net\dungeonrealms\game\item\items\core\ProfessionItem.java
C:\Users\Drew\Desktop\DungeonRealms\DR 2016 December Release\game\src\main\java\net\dungeonrealms\game\listener\TabCompleteCommands.java
C:\Users\Drew\Desktop\DungeonRealms\DR 2016 December Release\game\src\main\java\net\dungeonrealms\game\world\entity\type\monster\type\ranged\RangedWitherSkeleton.java
C:\Users\Drew\Desktop\DungeonRealms\DR 2016 December Release\game\src\main\java\net\dungeonrealms\game\world\entity\type\pet\Snowman.java
C:\Users\Drew\Desktop\DungeonRealms\DR 2016 December Release\game\src\main\java\net\dungeonrealms\game\world\entity\powermove\type\PowerStrike.java
C:\Users\Drew\Desktop\DungeonRealms\DR 2016 December Release\game\src\main\java\net\dungeonrealms\game\world\entity\type\monster\type\melee\PassiveDRChicken.java
C:\Users\Drew\Desktop\DungeonRealms\DR 2016 December Release\game\src\main\java\net\dungeonrealms\game\mastery\StatBoost.java
C:\Users\Drew\Desktop\DungeonRealms\DR 2016 December Release\game\src\main\java\net\dungeonrealms\game\mechanic\data\ShardTier.java
C:\Users\Drew\Desktop\DungeonRealms\DR 2016 December Release\game\src\main\java\net\dungeonrealms\game\quests\gui\GuiQuestEditor.java
C:\Users\Drew\Desktop\DungeonRealms\DR 2016 December Release\game\src\main\java\net\dungeonrealms\game\item\items\core\ItemWeaponPolearm.java
C:\Users\Drew\Desktop\DungeonRealms\DR 2016 December Release\game\src\main\java\net\dungeonrealms\game\world\entity\type\pet\EnumPets.java
C:\Users\Drew\Desktop\DungeonRealms\DR 2016 December Release\game\src\main\java\net\dungeonrealms\game\enchantments\EnchantGlow.java
C:\Users\Drew\Desktop\DungeonRealms\DR 2016 December Release\game\src\main\java\net\dungeonrealms\tool\DupedItemsRemover.java
C:\Users\Drew\Desktop\DungeonRealms\DR 2016 December Release\game\src\main\java\net\dungeonrealms\game\command\menu\CommandEcash.java
C:\Users\Drew\Desktop\DungeonRealms\DR 2016 December Release\game\src\main\java\net\dungeonrealms\game\item\items\functional\ItemEnchantWeapon.java
C:\Users\Drew\Desktop\DungeonRealms\DR 2016 December Release\game\src\main\java\net\dungeonrealms\game\guild\banner\selectors\PatternSelectorMenu.java
C:\Users\Drew\Desktop\DungeonRealms\DR 2016 December Release\game\src\main\java\net\dungeonrealms\game\command\CommandISay.java
C:\Users\Drew\Desktop\DungeonRealms\DR 2016 December Release\game\src\main\java\net\dungeonrealms\game\command\CommandLookup.java
C:\Users\Drew\Desktop\DungeonRealms\DR 2016 December Release\game\src\main\java\net\dungeonrealms\game\world\entity\ElementalDamage.java
C:\Users\Drew\Desktop\DungeonRealms\DR 2016 December Release\game\src\main\java\net\dungeonrealms\game\item\items\functional\ItemOrb.java
C:\Users\Drew\Desktop\DungeonRealms\DR 2016 December Release\game\src\main\java\net\dungeonrealms\game\world\spawning\BuffManager.java
C:\Users\Drew\Desktop\DungeonRealms\DR 2016 December Release\game\src\main\java\net\dungeonrealms\game\mechanic\data\EnumTier.java
C:\Users\Drew\Desktop\DungeonRealms\DR 2016 December Release\game\src\main\java\net\dungeonrealms\game\command\CommandAnnounce.java
C:\Users\Drew\Desktop\DungeonRealms\DR 2016 December Release\game\src\main\java\net\dungeonrealms\game\command\CommandSkip.java
C:\Users\Drew\Desktop\DungeonRealms\DR 2016 December Release\game\src\main\java\net\dungeonrealms\game\quests\listeners\KillObjectiveListener.java
C:\Users\Drew\Desktop\DungeonRealms\DR 2016 December Release\game\src\main\java\net\dungeonrealms\game\player\combat\ForceField.java
C:\Users\Drew\Desktop\DungeonRealms\DR 2016 December Release\game\src\main\java\net\dungeonrealms\game\command\CommandBroadcast.java
C:\Users\Drew\Desktop\DungeonRealms\DR 2016 December Release\game\src\main\java\net\dungeonrealms\game\listener\inventory\ItemListener.java
C:\Users\Drew\Desktop\DungeonRealms\DR 2016 December Release\game\src\main\java\net\dungeonrealms\game\world\entity\type\mounts\EnderDragon.java
C:\Users\Drew\Desktop\DungeonRealms\DR 2016 December Release\game\src\main\java\net\dungeonrealms\game\world\entity\type\monster\type\ranged\staff\StaffZombie.java
C:\Users\Drew\Desktop\DungeonRealms\DR 2016 December Release\game\src\main\java\net\dungeonrealms\game\world\entity\EnumEntityType.java
C:\Users\Drew\Desktop\DungeonRealms\DR 2016 December Release\game\src\main\java\net\dungeonrealms\game\mechanic\DungeonManager.java
C:\Users\Drew\Desktop\DungeonRealms\DR 2016 December Release\game\src\main\java\net\dungeonrealms\game\quests\objectives\ObjectiveNone.java
C:\Users\Drew\Desktop\DungeonRealms\DR 2016 December Release\game\src\main\java\net\dungeonrealms\game\command\party\CommandPChat.java
C:\Users\Drew\Desktop\DungeonRealms\DR 2016 December Release\game\src\main\java\net\dungeonrealms\game\item\items\core\ItemWeaponMelee.java
C:\Users\Drew\Desktop\DungeonRealms\DR 2016 December Release\game\src\main\java\net\dungeonrealms\game\player\inventory\menus\ProfilePetSelection.java
C:\Users\Drew\Desktop\DungeonRealms\DR 2016 December Release\game\src\main\java\net\dungeonrealms\game\command\CommandTell.java
C:\Users\Drew\Desktop\DungeonRealms\DR 2016 December Release\game\src\main\java\net\dungeonrealms\game\mechanic\raf\RAFMechanic.java
C:\Users\Drew\Desktop\DungeonRealms\DR 2016 December Release\game\src\main\java\net\dungeonrealms\game\command\CommandPlayed.java
C:\Users\Drew\Desktop\DungeonRealms\DR 2016 December Release\game\src\main\java\net\dungeonrealms\game\affair\Affair.java
C:\Users\Drew\Desktop\DungeonRealms\DR 2016 December Release\game\src\main\java\net\dungeonrealms\game\miscellaneous\ItemBuilder.java
C:\Users\Drew\Desktop\DungeonRealms\DR 2016 December Release\game\src\main\java\net\dungeonrealms\game\world\entity\util\pathfinders\PathfinderPassiveMeleeAttack.java
C:\Users\Drew\Desktop\DungeonRealms\DR 2016 December Release\game\src\main\java\net\dungeonrealms\game\quests\objectives\ObjectiveNextNPC.java
C:\Users\Drew\Desktop\DungeonRealms\DR 2016 December Release\game\src\main\java\net\dungeonrealms\game\command\guild\CommandGMotd.java
C:\Users\Drew\Desktop\DungeonRealms\DR 2016 December Release\game\src\main\java\net\dungeonrealms\game\command\CommandStaffChat.java
C:\Users\Drew\Desktop\DungeonRealms\DR 2016 December Release\game\src\main\java\net\dungeonrealms\game\item\items\functional\ItemEnchantArmor.java
C:\Users\Drew\Desktop\DungeonRealms\DR 2016 December Release\game\src\main\java\net\dungeonrealms\game\quests\gui\GuiPotionEditor.java
C:\Users\Drew\Desktop\DungeonRealms\DR 2016 December Release\game\src\main\java\net\dungeonrealms\game\guild\GuildMechanics.java
C:\Users\Drew\Desktop\DungeonRealms\DR 2016 December Release\game\src\main\java\net\dungeonrealms\game\item\ItemUsage.java
C:\Users\Drew\Desktop\DungeonRealms\DR 2016 December Release\game\src\main\java\net\dungeonrealms\game\world\realms\RealmState.java
C:\Users\Drew\Desktop\DungeonRealms\DR 2016 December Release\game\src\main\java\net\dungeonrealms\game\world\entity\powermove\PowerMove.java
C:\Users\Drew\Desktop\DungeonRealms\DR 2016 December Release\game\src\main\java\net\dungeonrealms\game\command\CommandLocalChat.java
C:\Users\Drew\Desktop\DungeonRealms\DR 2016 December Release\game\src\main\java\net\dungeonrealms\game\item\items\functional\ecash\ItemMuleMount.java
C:\Users\Drew\Desktop\DungeonRealms\DR 2016 December Release\game\src\main\java\net\dungeonrealms\game\listener\world\BlockListener.java
C:\Users\Drew\Desktop\DungeonRealms\DR 2016 December Release\game\src\main\java\net\dungeonrealms\game\world\entity\type\mounts\SlimeMount.java
C:\Users\Drew\Desktop\DungeonRealms\DR 2016 December Release\game\src\main\java\net\dungeonrealms\game\world\entity\type\mounts\WolfMount.java
C:\Users\Drew\Desktop\DungeonRealms\DR 2016 December Release\game\src\main\java\net\dungeonrealms\game\item\items\functional\ecash\ItemGlobalMessager.java
C:\Users\Drew\Desktop\DungeonRealms\DR 2016 December Release\game\src\main\java\net\dungeonrealms\game\command\punish\CommandUnjail.java
C:\Users\Drew\Desktop\DungeonRealms\DR 2016 December Release\game\src\main\java\net\dungeonrealms\game\quests\gui\GuiDialogueEditor.java
C:\Users\Drew\Desktop\DungeonRealms\DR 2016 December Release\game\src\main\java\net\dungeonrealms\game\command\guild\CommandGDeny.java
C:\Users\Drew\Desktop\DungeonRealms\DR 2016 December Release\game\src\main\java\net\dungeonrealms\game\quests\objectives\QuestObjective.java
C:\Users\Drew\Desktop\DungeonRealms\DR 2016 December Release\game\src\main\java\net\dungeonrealms\game\item\items\core\ItemWeapon.java
